<?xml version="1.0" encoding="UTF-8"?>
<testsuites name="jest tests" tests="1" failures="0" errors="0" time="1.882">
  <testsuite name="src/App.test.js" errors="0" failures="0" skipped="0" timestamp="2024-11-15T17:41:00" time="1.15" tests="1">
    <testcase classname="-renders learn Jenkins link" name="-renders learn Jenkins link" time="0.027">
    </testcase>
  </testsuite>
</testsuites>